-- Found ament_cmake: 2.5.4 (/opt/ros/jazzy/share/ament_cmake/cmake)
-- Override CMake install command with custom implementation using symlinks instead of copying resources
-- Found urdf: 2.10.0 (/opt/ros/jazzy/share/urdf/cmake)
-- Found TinyXML2 via Config file: /usr/lib/aarch64-linux-gnu/cmake/tinyxml2
-- Found xacro: 2.1.1 (/opt/ros/jazzy/share/xacro/cmake)
-- Configuring done (3.1s)
-- Generating done (0.0s)
-- Build files have been written to: /home/ubuntu/tfg_ws/build/abb_irb140_support
-- Install configuration: ""
-- Execute custom install script
-- Up-to-date symlink: /home/ubuntu/tfg_ws/install/abb_irb140_support/share/abb_irb140_support/launch/display_irb140.launch.py
-- Symlinking: /home/ubuntu/tfg_ws/install/abb_irb140_support/share/abb_irb140_support/urdf/common_materials.xacro
-- Up-to-date symlink: /home/ubuntu/tfg_ws/install/abb_irb140_support/share/abb_irb140_support/urdf/irb140.urdf.xacro
-- Symlinking: /home/ubuntu/tfg_ws/install/abb_irb140_support/share/abb_irb140_support/urdf/irb140.xacro
-- Symlinking: /home/ubuntu/tfg_ws/install/abb_irb140_support/share/abb_irb140_support/urdf/irb140_macro.xacro
-- Up-to-date symlink: /home/ubuntu/tfg_ws/install/abb_irb140_support/share/abb_irb140_support/urdf/irb140_moveit.urdf
-- Symlinking: /home/ubuntu/tfg_ws/install/abb_irb140_support/share/abb_irb140_support/urdf/irb140_real.urdf
-- Up-to-date symlink: /home/ubuntu/tfg_ws/install/abb_irb140_support/share/abb_irb140_support/urdf/test_cube.urdf.xacro
-- Up-to-date symlink: /home/ubuntu/tfg_ws/install/abb_irb140_support/share/abb_irb140_support/meshes/irb140/collision/base_link.stl
-- Up-to-date symlink: /home/ubuntu/tfg_ws/install/abb_irb140_support/share/abb_irb140_support/meshes/irb140/collision/link_1.stl
-- Up-to-date symlink: /home/ubuntu/tfg_ws/install/abb_irb140_support/share/abb_irb140_support/meshes/irb140/collision/link_2.stl
-- Up-to-date symlink: /home/ubuntu/tfg_ws/install/abb_irb140_support/share/abb_irb140_support/meshes/irb140/collision/link_3.stl
-- Up-to-date symlink: /home/ubuntu/tfg_ws/install/abb_irb140_support/share/abb_irb140_support/meshes/irb140/collision/link_4.stl
-- Up-to-date symlink: /home/ubuntu/tfg_ws/install/abb_irb140_support/share/abb_irb140_support/meshes/irb140/collision/link_5.stl
-- Up-to-date symlink: /home/ubuntu/tfg_ws/install/abb_irb140_support/share/abb_irb140_support/meshes/irb140/collision/link_6.stl
-- Up-to-date symlink: /home/ubuntu/tfg_ws/install/abb_irb140_support/share/abb_irb140_support/meshes/irb140/visual/base_link.stl
-- Up-to-date symlink: /home/ubuntu/tfg_ws/install/abb_irb140_support/share/abb_irb140_support/meshes/irb140/visual/link_1.stl
-- Up-to-date symlink: /home/ubuntu/tfg_ws/install/abb_irb140_support/share/abb_irb140_support/meshes/irb140/visual/link_2.stl
-- Up-to-date symlink: /home/ubuntu/tfg_ws/install/abb_irb140_support/share/abb_irb140_support/meshes/irb140/visual/link_3.stl
-- Up-to-date symlink: /home/ubuntu/tfg_ws/install/abb_irb140_support/share/abb_irb140_support/meshes/irb140/visual/link_4.stl
-- Up-to-date symlink: /home/ubuntu/tfg_ws/install/abb_irb140_support/share/abb_irb140_support/meshes/irb140/visual/link_5.stl
-- Up-to-date symlink: /home/ubuntu/tfg_ws/install/abb_irb140_support/share/abb_irb140_support/meshes/irb140/visual/link_6.stl
-- Up-to-date symlink: /home/ubuntu/tfg_ws/install/abb_irb140_support/share/ament_index/resource_index/package_run_dependencies/abb_irb140_support
-- Up-to-date symlink: /home/ubuntu/tfg_ws/install/abb_irb140_support/share/ament_index/resource_index/parent_prefix_path/abb_irb140_support
-- Up-to-date symlink: /home/ubuntu/tfg_ws/install/abb_irb140_support/share/abb_irb140_support/environment/ament_prefix_path.sh
-- Up-to-date symlink: /home/ubuntu/tfg_ws/install/abb_irb140_support/share/abb_irb140_support/environment/ament_prefix_path.dsv
-- Up-to-date symlink: /home/ubuntu/tfg_ws/install/abb_irb140_support/share/abb_irb140_support/environment/path.sh
-- Up-to-date symlink: /home/ubuntu/tfg_ws/install/abb_irb140_support/share/abb_irb140_support/environment/path.dsv
-- Up-to-date symlink: /home/ubuntu/tfg_ws/install/abb_irb140_support/share/abb_irb140_support/local_setup.bash
-- Up-to-date symlink: /home/ubuntu/tfg_ws/install/abb_irb140_support/share/abb_irb140_support/local_setup.sh
-- Up-to-date symlink: /home/ubuntu/tfg_ws/install/abb_irb140_support/share/abb_irb140_support/local_setup.zsh
-- Up-to-date symlink: /home/ubuntu/tfg_ws/install/abb_irb140_support/share/abb_irb140_support/local_setup.dsv
-- Symlinking: /home/ubuntu/tfg_ws/install/abb_irb140_support/share/abb_irb140_support/package.dsv
-- Up-to-date symlink: /home/ubuntu/tfg_ws/install/abb_irb140_support/share/ament_index/resource_index/packages/abb_irb140_support
-- Up-to-date symlink: /home/ubuntu/tfg_ws/install/abb_irb140_support/share/abb_irb140_support/cmake/abb_irb140_supportConfig.cmake
-- Up-to-date symlink: /home/ubuntu/tfg_ws/install/abb_irb140_support/share/abb_irb140_support/cmake/abb_irb140_supportConfig-version.cmake
-- Up-to-date symlink: /home/ubuntu/tfg_ws/install/abb_irb140_support/share/abb_irb140_support/package.xml
