[0.139s] DEBUG:colcon:Command line arguments: ['/usr/bin/colcon', 'build', '--packages-select', 'abb_irb140_support', '--symlink-install']
[0.140s] DEBUG:colcon:Parsed command line arguments: Namespace(log_base=None, log_level=None, verb_name='build', build_base='build', install_base='install', merge_install=False, symlink_install=True, test_result_base=None, continue_on_error=False, executor='parallel', parallel_workers=4, event_handlers=None, ignore_user_meta=False, metas=['./colcon.meta'], base_paths=['.'], packages_ignore=None, packages_ignore_regex=None, paths=None, packages_up_to=None, packages_up_to_regex=None, packages_above=None, packages_above_and_dependencies=None, packages_above_depth=None, packages_select_by_dep=None, packages_skip_by_dep=None, packages_skip_up_to=None, packages_select_build_failed=False, packages_skip_build_finished=False, packages_select_test_failures=False, packages_skip_test_passed=False, packages_select=['abb_irb140_support'], packages_skip=None, packages_select_regex=None, packages_skip_regex=None, packages_start=None, packages_end=None, allow_overriding=[], cmake_args=None, cmake_target=None, cmake_target_skip_unavailable=False, cmake_clean_cache=False, cmake_clean_first=False, cmake_force_configure=False, ament_cmake_args=None, catkin_cmake_args=None, catkin_skip_building_tests=False, verb_parser=<colcon_defaults.argument_parser.defaults.DefaultArgumentsDecorator object at 0xffff8fbd65d0>, verb_extension=<colcon_core.verb.build.BuildVerb object at 0xffff8fd8ef60>, main=<bound method BuildVerb.main of <colcon_core.verb.build.BuildVerb object at 0xffff8fd8ef60>>)
[0.194s] Level 1:colcon.colcon_core.package_discovery:discover_packages(colcon_meta) check parameters
[0.194s] Level 1:colcon.colcon_core.package_discovery:discover_packages(recursive) check parameters
[0.194s] Level 1:colcon.colcon_core.package_discovery:discover_packages(ignore) check parameters
[0.194s] Level 1:colcon.colcon_core.package_discovery:discover_packages(path) check parameters
[0.194s] Level 1:colcon.colcon_core.package_discovery:discover_packages(colcon_meta) discover
[0.194s] Level 1:colcon.colcon_core.package_discovery:discover_packages(recursive) discover
[0.194s] INFO:colcon.colcon_core.package_discovery:Crawling recursively for packages in '/home/ubuntu/tfg_ws'
[0.195s] Level 1:colcon.colcon_core.package_identification:_identify(.) by extensions ['ignore', 'ignore_ament_install']
[0.195s] Level 1:colcon.colcon_core.package_identification:_identify(.) by extension 'ignore'
[0.195s] Level 1:colcon.colcon_core.package_identification:_identify(.) by extension 'ignore_ament_install'
[0.195s] Level 1:colcon.colcon_core.package_identification:_identify(.) by extensions ['colcon_pkg']
[0.195s] Level 1:colcon.colcon_core.package_identification:_identify(.) by extension 'colcon_pkg'
[0.195s] Level 1:colcon.colcon_core.package_identification:_identify(.) by extensions ['colcon_meta']
[0.195s] Level 1:colcon.colcon_core.package_identification:_identify(.) by extension 'colcon_meta'
[0.195s] Level 1:colcon.colcon_core.package_identification:_identify(.) by extensions ['ros']
[0.195s] Level 1:colcon.colcon_core.package_identification:_identify(.) by extension 'ros'
[0.232s] Level 1:colcon.colcon_core.package_identification:_identify(.) by extensions ['cmake', 'python']
[0.232s] Level 1:colcon.colcon_core.package_identification:_identify(.) by extension 'cmake'
[0.232s] Level 1:colcon.colcon_core.package_identification:_identify(.) by extension 'python'
[0.232s] Level 1:colcon.colcon_core.package_identification:_identify(.) by extensions ['python_setup_py']
[0.232s] Level 1:colcon.colcon_core.package_identification:_identify(.) by extension 'python_setup_py'
[0.232s] Level 1:colcon.colcon_core.package_identification:_identify(backup_antiguo) by extensions ['ignore', 'ignore_ament_install']
[0.232s] Level 1:colcon.colcon_core.package_identification:_identify(backup_antiguo) by extension 'ignore'
[0.232s] Level 1:colcon.colcon_core.package_identification:_identify(backup_antiguo) ignored
[0.233s] Level 1:colcon.colcon_core.package_identification:_identify(build) by extensions ['ignore', 'ignore_ament_install']
[0.233s] Level 1:colcon.colcon_core.package_identification:_identify(build) by extension 'ignore'
[0.233s] Level 1:colcon.colcon_core.package_identification:_identify(build) ignored
[0.233s] Level 1:colcon.colcon_core.package_identification:_identify(install) by extensions ['ignore', 'ignore_ament_install']
[0.233s] Level 1:colcon.colcon_core.package_identification:_identify(install) by extension 'ignore'
[0.233s] Level 1:colcon.colcon_core.package_identification:_identify(install) ignored
[0.233s] Level 1:colcon.colcon_core.package_identification:_identify(log) by extensions ['ignore', 'ignore_ament_install']
[0.233s] Level 1:colcon.colcon_core.package_identification:_identify(log) by extension 'ignore'
[0.233s] Level 1:colcon.colcon_core.package_identification:_identify(log) ignored
[0.233s] Level 1:colcon.colcon_core.package_identification:_identify(src) by extensions ['ignore', 'ignore_ament_install']
[0.233s] Level 1:colcon.colcon_core.package_identification:_identify(src) by extension 'ignore'
[0.234s] Level 1:colcon.colcon_core.package_identification:_identify(src) by extension 'ignore_ament_install'
[0.234s] Level 1:colcon.colcon_core.package_identification:_identify(src) by extensions ['colcon_pkg']
[0.234s] Level 1:colcon.colcon_core.package_identification:_identify(src) by extension 'colcon_pkg'
[0.234s] Level 1:colcon.colcon_core.package_identification:_identify(src) by extensions ['colcon_meta']
[0.234s] Level 1:colcon.colcon_core.package_identification:_identify(src) by extension 'colcon_meta'
[0.234s] Level 1:colcon.colcon_core.package_identification:_identify(src) by extensions ['ros']
[0.234s] Level 1:colcon.colcon_core.package_identification:_identify(src) by extension 'ros'
[0.234s] Level 1:colcon.colcon_core.package_identification:_identify(src) by extensions ['cmake', 'python']
[0.234s] Level 1:colcon.colcon_core.package_identification:_identify(src) by extension 'cmake'
[0.234s] Level 1:colcon.colcon_core.package_identification:_identify(src) by extension 'python'
[0.234s] Level 1:colcon.colcon_core.package_identification:_identify(src) by extensions ['python_setup_py']
[0.234s] Level 1:colcon.colcon_core.package_identification:_identify(src) by extension 'python_setup_py'
[0.234s] Level 1:colcon.colcon_core.package_identification:_identify(src/abb_egm_rws_managers) by extensions ['ignore', 'ignore_ament_install']
[0.234s] Level 1:colcon.colcon_core.package_identification:_identify(src/abb_egm_rws_managers) by extension 'ignore'
[0.234s] Level 1:colcon.colcon_core.package_identification:_identify(src/abb_egm_rws_managers) by extension 'ignore_ament_install'
[0.234s] Level 1:colcon.colcon_core.package_identification:_identify(src/abb_egm_rws_managers) by extensions ['colcon_pkg']
[0.234s] Level 1:colcon.colcon_core.package_identification:_identify(src/abb_egm_rws_managers) by extension 'colcon_pkg'
[0.234s] Level 1:colcon.colcon_core.package_identification:_identify(src/abb_egm_rws_managers) by extensions ['colcon_meta']
[0.234s] Level 1:colcon.colcon_core.package_identification:_identify(src/abb_egm_rws_managers) by extension 'colcon_meta'
[0.234s] Level 1:colcon.colcon_core.package_identification:_identify(src/abb_egm_rws_managers) by extensions ['ros']
[0.234s] Level 1:colcon.colcon_core.package_identification:_identify(src/abb_egm_rws_managers) by extension 'ros'
[0.235s] Level 1:colcon.colcon_core.package_identification:_identify(src/abb_egm_rws_managers) by extensions ['cmake', 'python']
[0.235s] Level 1:colcon.colcon_core.package_identification:_identify(src/abb_egm_rws_managers) by extension 'cmake'
[0.235s] Level 1:colcon.colcon_core.package_identification:_identify(src/abb_egm_rws_managers) by extension 'python'
[0.235s] Level 1:colcon.colcon_core.package_identification:_identify(src/abb_egm_rws_managers) by extensions ['python_setup_py']
[0.235s] Level 1:colcon.colcon_core.package_identification:_identify(src/abb_egm_rws_managers) by extension 'python_setup_py'
[0.235s] Level 1:colcon.colcon_core.package_identification:_identify(src/abb_irb140_moveit_config) by extensions ['ignore', 'ignore_ament_install']
[0.235s] Level 1:colcon.colcon_core.package_identification:_identify(src/abb_irb140_moveit_config) by extension 'ignore'
[0.235s] Level 1:colcon.colcon_core.package_identification:_identify(src/abb_irb140_moveit_config) by extension 'ignore_ament_install'
[0.235s] Level 1:colcon.colcon_core.package_identification:_identify(src/abb_irb140_moveit_config) by extensions ['colcon_pkg']
[0.235s] Level 1:colcon.colcon_core.package_identification:_identify(src/abb_irb140_moveit_config) by extension 'colcon_pkg'
[0.235s] Level 1:colcon.colcon_core.package_identification:_identify(src/abb_irb140_moveit_config) by extensions ['colcon_meta']
[0.235s] Level 1:colcon.colcon_core.package_identification:_identify(src/abb_irb140_moveit_config) by extension 'colcon_meta'
[0.235s] Level 1:colcon.colcon_core.package_identification:_identify(src/abb_irb140_moveit_config) by extensions ['ros']
[0.235s] Level 1:colcon.colcon_core.package_identification:_identify(src/abb_irb140_moveit_config) by extension 'ros'
[0.238s] DEBUG:colcon.colcon_core.package_identification:Package 'src/abb_irb140_moveit_config' with type 'ros.ament_cmake' and name 'abb_irb140_moveit_config'
[0.239s] Level 1:colcon.colcon_core.package_identification:_identify(src/abb_irb140_support) by extensions ['ignore', 'ignore_ament_install']
[0.239s] Level 1:colcon.colcon_core.package_identification:_identify(src/abb_irb140_support) by extension 'ignore'
[0.239s] Level 1:colcon.colcon_core.package_identification:_identify(src/abb_irb140_support) by extension 'ignore_ament_install'
[0.239s] Level 1:colcon.colcon_core.package_identification:_identify(src/abb_irb140_support) by extensions ['colcon_pkg']
[0.239s] Level 1:colcon.colcon_core.package_identification:_identify(src/abb_irb140_support) by extension 'colcon_pkg'
[0.239s] Level 1:colcon.colcon_core.package_identification:_identify(src/abb_irb140_support) by extensions ['colcon_meta']
[0.239s] Level 1:colcon.colcon_core.package_identification:_identify(src/abb_irb140_support) by extension 'colcon_meta'
[0.239s] Level 1:colcon.colcon_core.package_identification:_identify(src/abb_irb140_support) by extensions ['ros']
[0.239s] Level 1:colcon.colcon_core.package_identification:_identify(src/abb_irb140_support) by extension 'ros'
[0.240s] DEBUG:colcon.colcon_core.package_identification:Package 'src/abb_irb140_support' with type 'ros.ament_cmake' and name 'abb_irb140_support'
[0.240s] Level 1:colcon.colcon_core.package_identification:_identify(src/abb_libegm) by extensions ['ignore', 'ignore_ament_install']
[0.240s] Level 1:colcon.colcon_core.package_identification:_identify(src/abb_libegm) by extension 'ignore'
[0.240s] Level 1:colcon.colcon_core.package_identification:_identify(src/abb_libegm) by extension 'ignore_ament_install'
[0.240s] Level 1:colcon.colcon_core.package_identification:_identify(src/abb_libegm) by extensions ['colcon_pkg']
[0.240s] Level 1:colcon.colcon_core.package_identification:_identify(src/abb_libegm) by extension 'colcon_pkg'
[0.240s] Level 1:colcon.colcon_core.package_identification:_identify(src/abb_libegm) by extensions ['colcon_meta']
[0.240s] Level 1:colcon.colcon_core.package_identification:_identify(src/abb_libegm) by extension 'colcon_meta'
[0.240s] Level 1:colcon.colcon_core.package_identification:_identify(src/abb_libegm) by extensions ['ros']
[0.240s] Level 1:colcon.colcon_core.package_identification:_identify(src/abb_libegm) by extension 'ros'
[0.240s] Level 1:colcon.colcon_core.package_identification:_identify(src/abb_libegm) by extensions ['cmake', 'python']
[0.240s] Level 1:colcon.colcon_core.package_identification:_identify(src/abb_libegm) by extension 'cmake'
[0.240s] Level 1:colcon.colcon_core.package_identification:_identify(src/abb_libegm) by extension 'python'
[0.241s] Level 1:colcon.colcon_core.package_identification:_identify(src/abb_libegm) by extensions ['python_setup_py']
[0.241s] Level 1:colcon.colcon_core.package_identification:_identify(src/abb_libegm) by extension 'python_setup_py'
[0.241s] Level 1:colcon.colcon_core.package_identification:_identify(src/abb_librws) by extensions ['ignore', 'ignore_ament_install']
[0.241s] Level 1:colcon.colcon_core.package_identification:_identify(src/abb_librws) by extension 'ignore'
[0.241s] Level 1:colcon.colcon_core.package_identification:_identify(src/abb_librws) by extension 'ignore_ament_install'
[0.241s] Level 1:colcon.colcon_core.package_identification:_identify(src/abb_librws) by extensions ['colcon_pkg']
[0.241s] Level 1:colcon.colcon_core.package_identification:_identify(src/abb_librws) by extension 'colcon_pkg'
[0.241s] Level 1:colcon.colcon_core.package_identification:_identify(src/abb_librws) by extensions ['colcon_meta']
[0.241s] Level 1:colcon.colcon_core.package_identification:_identify(src/abb_librws) by extension 'colcon_meta'
[0.241s] Level 1:colcon.colcon_core.package_identification:_identify(src/abb_librws) by extensions ['ros']
[0.241s] Level 1:colcon.colcon_core.package_identification:_identify(src/abb_librws) by extension 'ros'
[0.241s] Level 1:colcon.colcon_core.package_identification:_identify(src/abb_librws) by extensions ['cmake', 'python']
[0.241s] Level 1:colcon.colcon_core.package_identification:_identify(src/abb_librws) by extension 'cmake'
[0.241s] Level 1:colcon.colcon_core.package_identification:_identify(src/abb_librws) by extension 'python'
[0.241s] Level 1:colcon.colcon_core.package_identification:_identify(src/abb_librws) by extensions ['python_setup_py']
[0.241s] Level 1:colcon.colcon_core.package_identification:_identify(src/abb_librws) by extension 'python_setup_py'
[0.241s] Level 1:colcon.colcon_core.package_identification:_identify(src/abb_ros2) by extensions ['ignore', 'ignore_ament_install']
[0.241s] Level 1:colcon.colcon_core.package_identification:_identify(src/abb_ros2) by extension 'ignore'
[0.241s] Level 1:colcon.colcon_core.package_identification:_identify(src/abb_ros2) by extension 'ignore_ament_install'
[0.241s] Level 1:colcon.colcon_core.package_identification:_identify(src/abb_ros2) by extensions ['colcon_pkg']
[0.241s] Level 1:colcon.colcon_core.package_identification:_identify(src/abb_ros2) by extension 'colcon_pkg'
[0.242s] Level 1:colcon.colcon_core.package_identification:_identify(src/abb_ros2) by extensions ['colcon_meta']
[0.242s] Level 1:colcon.colcon_core.package_identification:_identify(src/abb_ros2) by extension 'colcon_meta'
[0.242s] Level 1:colcon.colcon_core.package_identification:_identify(src/abb_ros2) by extensions ['ros']
[0.242s] Level 1:colcon.colcon_core.package_identification:_identify(src/abb_ros2) by extension 'ros'
[0.242s] Level 1:colcon.colcon_core.package_identification:_identify(src/abb_ros2) by extensions ['cmake', 'python']
[0.242s] Level 1:colcon.colcon_core.package_identification:_identify(src/abb_ros2) by extension 'cmake'
[0.242s] Level 1:colcon.colcon_core.package_identification:_identify(src/abb_ros2) by extension 'python'
[0.242s] Level 1:colcon.colcon_core.package_identification:_identify(src/abb_ros2) by extensions ['python_setup_py']
[0.242s] Level 1:colcon.colcon_core.package_identification:_identify(src/abb_ros2) by extension 'python_setup_py'
[0.242s] Level 1:colcon.colcon_core.package_discovery:discover_packages(recursive) using defaults
[0.242s] Level 1:colcon.colcon_core.package_discovery:discover_packages(ignore) discover
[0.242s] Level 1:colcon.colcon_core.package_discovery:discover_packages(ignore) using defaults
[0.242s] Level 1:colcon.colcon_core.package_discovery:discover_packages(path) discover
[0.242s] Level 1:colcon.colcon_core.package_discovery:discover_packages(path) using defaults
[0.265s] INFO:colcon.colcon_core.package_selection:Skipping not selected package 'abb_irb140_moveit_config' in 'src/abb_irb140_moveit_config'
[0.265s] Level 1:colcon.colcon_core.package_discovery:discover_packages(prefix_path) check parameters
[0.265s] Level 1:colcon.colcon_core.package_discovery:discover_packages(prefix_path) discover
[0.268s] DEBUG:colcon.colcon_installed_package_information.package_discovery:Found 11 installed packages in /home/ubuntu/tfg_ws/install
[0.271s] DEBUG:colcon.colcon_installed_package_information.package_discovery:Found 403 installed packages in /opt/ros/jazzy
[0.273s] Level 1:colcon.colcon_core.package_discovery:discover_packages(prefix_path) using defaults
[0.351s] WARNING:colcon.colcon_core.package_selection:Some selected packages are already built in one or more underlay workspaces:
	'abb_irb140_support' is in: /home/ubuntu/tfg_ws/install/abb_irb140_support
If a package in a merged underlay workspace is overridden and it installs headers, then all packages in the overlay must sort their include directories by workspace order. Failure to do so may result in build failures or undefined behavior at run time.
If the overridden package is used by another package in any underlay, then the overriding package in the overlay must be API and ABI compatible or undefined behavior at run time may occur.

If you understand the risks and want to override a package anyways, add the following to the command line:
	--allow-overriding abb_irb140_support

This may be promoted to an error in a future release of colcon-override-check.
[0.353s] Level 5:colcon.colcon_core.verb:set package 'abb_irb140_support' build argument 'cmake_args' from command line to 'None'
[0.353s] Level 5:colcon.colcon_core.verb:set package 'abb_irb140_support' build argument 'cmake_target' from command line to 'None'
[0.353s] Level 5:colcon.colcon_core.verb:set package 'abb_irb140_support' build argument 'cmake_target_skip_unavailable' from command line to 'False'
[0.353s] Level 5:colcon.colcon_core.verb:set package 'abb_irb140_support' build argument 'cmake_clean_cache' from command line to 'False'
[0.353s] Level 5:colcon.colcon_core.verb:set package 'abb_irb140_support' build argument 'cmake_clean_first' from command line to 'False'
[0.353s] Level 5:colcon.colcon_core.verb:set package 'abb_irb140_support' build argument 'cmake_force_configure' from command line to 'False'
[0.354s] Level 5:colcon.colcon_core.verb:set package 'abb_irb140_support' build argument 'ament_cmake_args' from command line to 'None'
[0.354s] Level 5:colcon.colcon_core.verb:set package 'abb_irb140_support' build argument 'catkin_cmake_args' from command line to 'None'
[0.354s] Level 5:colcon.colcon_core.verb:set package 'abb_irb140_support' build argument 'catkin_skip_building_tests' from command line to 'False'
[0.354s] DEBUG:colcon.colcon_core.verb:Building package 'abb_irb140_support' with the following arguments: {'ament_cmake_args': None, 'build_base': '/home/ubuntu/tfg_ws/build/abb_irb140_support', 'catkin_cmake_args': None, 'catkin_skip_building_tests': False, 'cmake_args': None, 'cmake_clean_cache': False, 'cmake_clean_first': False, 'cmake_force_configure': False, 'cmake_target': None, 'cmake_target_skip_unavailable': False, 'install_base': '/home/ubuntu/tfg_ws/install/abb_irb140_support', 'merge_install': False, 'path': '/home/ubuntu/tfg_ws/src/abb_irb140_support', 'symlink_install': True, 'test_result_base': None}
[0.354s] INFO:colcon.colcon_core.executor:Executing jobs using 'parallel' executor
[0.355s] DEBUG:colcon.colcon_parallel_executor.executor.parallel:run_until_complete
[0.356s] INFO:colcon.colcon_ros.task.ament_cmake.build:Building ROS package in '/home/ubuntu/tfg_ws/src/abb_irb140_support' with build type 'ament_cmake'
[0.356s] INFO:colcon.colcon_cmake.task.cmake.build:Building CMake package in '/home/ubuntu/tfg_ws/src/abb_irb140_support'
[0.358s] INFO:colcon.colcon_core.plugin_system:Skipping extension 'colcon_core.shell.bat': Not used on non-Windows systems
[0.358s] INFO:colcon.colcon_core.shell:Skip shell extension 'powershell' for command environment: Not usable outside of PowerShell
[0.358s] DEBUG:colcon.colcon_core.shell:Skip shell extension 'dsv' for command environment
[0.372s] DEBUG:colcon.colcon_core.event_handler.log_command:Invoking command in '/home/ubuntu/tfg_ws/build/abb_irb140_support': CMAKE_PREFIX_PATH=${CMAKE_PREFIX_PATH}:/opt/ros/jazzy /usr/bin/cmake --build /home/ubuntu/tfg_ws/build/abb_irb140_support -- -j4 -l4
[0.456s] DEBUG:colcon.colcon_core.event_handler.log_command:Invoked command in '/home/ubuntu/tfg_ws/build/abb_irb140_support' returned '0': CMAKE_PREFIX_PATH=${CMAKE_PREFIX_PATH}:/opt/ros/jazzy /usr/bin/cmake --build /home/ubuntu/tfg_ws/build/abb_irb140_support -- -j4 -l4
[0.477s] DEBUG:colcon.colcon_core.event_handler.log_command:Invoking command in '/home/ubuntu/tfg_ws/build/abb_irb140_support': CMAKE_PREFIX_PATH=${CMAKE_PREFIX_PATH}:/opt/ros/jazzy /usr/bin/cmake --install /home/ubuntu/tfg_ws/build/abb_irb140_support
[0.539s] Level 1:colcon.colcon_core.environment:create_environment_scripts_only(abb_irb140_support)
[0.539s] DEBUG:colcon.colcon_core.event_handler.log_command:Invoked command in '/home/ubuntu/tfg_ws/build/abb_irb140_support' returned '0': CMAKE_PREFIX_PATH=${CMAKE_PREFIX_PATH}:/opt/ros/jazzy /usr/bin/cmake --install /home/ubuntu/tfg_ws/build/abb_irb140_support
[0.542s] Level 1:colcon.colcon_core.environment:checking '/home/ubuntu/tfg_ws/install/abb_irb140_support' for CMake module files
[0.542s] Level 1:colcon.colcon_core.environment:checking '/home/ubuntu/tfg_ws/install/abb_irb140_support' for CMake config files
[0.543s] Level 1:colcon.colcon_core.shell:create_environment_hook('abb_irb140_support', 'cmake_prefix_path')
[0.543s] INFO:colcon.colcon_core.shell:Creating environment hook '/home/ubuntu/tfg_ws/install/abb_irb140_support/share/abb_irb140_support/hook/cmake_prefix_path.ps1'
[0.544s] INFO:colcon.colcon_core.shell:Creating environment descriptor '/home/ubuntu/tfg_ws/install/abb_irb140_support/share/abb_irb140_support/hook/cmake_prefix_path.dsv'
[0.545s] INFO:colcon.colcon_core.shell:Creating environment hook '/home/ubuntu/tfg_ws/install/abb_irb140_support/share/abb_irb140_support/hook/cmake_prefix_path.sh'
[0.546s] Level 1:colcon.colcon_core.environment:checking '/home/ubuntu/tfg_ws/install/abb_irb140_support/bin'
[0.546s] Level 1:colcon.colcon_core.environment:checking '/home/ubuntu/tfg_ws/install/abb_irb140_support/lib/pkgconfig/abb_irb140_support.pc'
[0.546s] Level 1:colcon.colcon_core.environment:checking '/home/ubuntu/tfg_ws/install/abb_irb140_support/lib/python3.12/site-packages'
[0.547s] Level 1:colcon.colcon_core.environment:checking '/home/ubuntu/tfg_ws/install/abb_irb140_support/bin'
[0.547s] INFO:colcon.colcon_core.shell:Creating package script '/home/ubuntu/tfg_ws/install/abb_irb140_support/share/abb_irb140_support/package.ps1'
[0.548s] INFO:colcon.colcon_core.shell:Creating package descriptor '/home/ubuntu/tfg_ws/install/abb_irb140_support/share/abb_irb140_support/package.dsv'
[0.549s] INFO:colcon.colcon_core.shell:Creating package script '/home/ubuntu/tfg_ws/install/abb_irb140_support/share/abb_irb140_support/package.sh'
[0.550s] INFO:colcon.colcon_core.shell:Creating package script '/home/ubuntu/tfg_ws/install/abb_irb140_support/share/abb_irb140_support/package.bash'
[0.551s] INFO:colcon.colcon_core.shell:Creating package script '/home/ubuntu/tfg_ws/install/abb_irb140_support/share/abb_irb140_support/package.zsh'
[0.552s] Level 1:colcon.colcon_core.environment:create_file_with_runtime_dependencies(/home/ubuntu/tfg_ws/install/abb_irb140_support/share/colcon-core/packages/abb_irb140_support)
[0.552s] Level 1:colcon.colcon_core.environment:create_environment_scripts_only(abb_irb140_support)
[0.553s] Level 1:colcon.colcon_core.environment:checking '/home/ubuntu/tfg_ws/install/abb_irb140_support' for CMake module files
[0.553s] Level 1:colcon.colcon_core.environment:checking '/home/ubuntu/tfg_ws/install/abb_irb140_support' for CMake config files
[0.554s] Level 1:colcon.colcon_core.shell:create_environment_hook('abb_irb140_support', 'cmake_prefix_path')
[0.554s] INFO:colcon.colcon_core.shell:Creating environment hook '/home/ubuntu/tfg_ws/install/abb_irb140_support/share/abb_irb140_support/hook/cmake_prefix_path.ps1'
[0.555s] INFO:colcon.colcon_core.shell:Creating environment descriptor '/home/ubuntu/tfg_ws/install/abb_irb140_support/share/abb_irb140_support/hook/cmake_prefix_path.dsv'
[0.555s] INFO:colcon.colcon_core.shell:Creating environment hook '/home/ubuntu/tfg_ws/install/abb_irb140_support/share/abb_irb140_support/hook/cmake_prefix_path.sh'
[0.556s] Level 1:colcon.colcon_core.environment:checking '/home/ubuntu/tfg_ws/install/abb_irb140_support/bin'
[0.556s] Level 1:colcon.colcon_core.environment:checking '/home/ubuntu/tfg_ws/install/abb_irb140_support/lib/pkgconfig/abb_irb140_support.pc'
[0.556s] Level 1:colcon.colcon_core.environment:checking '/home/ubuntu/tfg_ws/install/abb_irb140_support/lib/python3.12/site-packages'
[0.557s] Level 1:colcon.colcon_core.environment:checking '/home/ubuntu/tfg_ws/install/abb_irb140_support/bin'
[0.557s] INFO:colcon.colcon_core.shell:Creating package script '/home/ubuntu/tfg_ws/install/abb_irb140_support/share/abb_irb140_support/package.ps1'
[0.558s] INFO:colcon.colcon_core.shell:Creating package descriptor '/home/ubuntu/tfg_ws/install/abb_irb140_support/share/abb_irb140_support/package.dsv'
[0.558s] INFO:colcon.colcon_core.shell:Creating package script '/home/ubuntu/tfg_ws/install/abb_irb140_support/share/abb_irb140_support/package.sh'
[0.559s] INFO:colcon.colcon_core.shell:Creating package script '/home/ubuntu/tfg_ws/install/abb_irb140_support/share/abb_irb140_support/package.bash'
[0.559s] INFO:colcon.colcon_core.shell:Creating package script '/home/ubuntu/tfg_ws/install/abb_irb140_support/share/abb_irb140_support/package.zsh'
[0.560s] Level 1:colcon.colcon_core.environment:create_file_with_runtime_dependencies(/home/ubuntu/tfg_ws/install/abb_irb140_support/share/colcon-core/packages/abb_irb140_support)
[0.560s] DEBUG:colcon.colcon_parallel_executor.executor.parallel:closing loop
[0.561s] DEBUG:colcon.colcon_parallel_executor.executor.parallel:loop closed
[0.561s] DEBUG:colcon.colcon_parallel_executor.executor.parallel:run_until_complete finished with '0'
[0.561s] DEBUG:colcon.colcon_core.event_reactor:joining thread
[0.568s] INFO:colcon.colcon_core.plugin_system:Skipping extension 'colcon_notification.desktop_notification.terminal_notifier': Not used on non-Darwin systems
[0.568s] INFO:colcon.colcon_core.plugin_system:Skipping extension 'colcon_notification.desktop_notification.win32': Not used on non-Windows systems
[0.569s] INFO:colcon.colcon_notification.desktop_notification:Sending desktop notification using 'notify2'
[25.595s] DEBUG:colcon.colcon_notification.desktop_notification.notify2:Failed to initialize notify2: org.freedesktop.DBus.Error.NoReply: Did not receive a reply. Possible causes include: the remote application did not send a reply, the message bus security policy blocked the reply, the reply timeout expired, or the network connection was broken.
[25.595s] DEBUG:colcon.colcon_core.event_reactor:joined thread
[25.595s] INFO:colcon.colcon_core.shell:Creating prefix script '/home/ubuntu/tfg_ws/install/local_setup.ps1'
[25.597s] INFO:colcon.colcon_core.shell:Creating prefix util module '/home/ubuntu/tfg_ws/install/_local_setup_util_ps1.py'
[25.599s] INFO:colcon.colcon_core.shell:Creating prefix chain script '/home/ubuntu/tfg_ws/install/setup.ps1'
[25.601s] INFO:colcon.colcon_core.shell:Creating prefix script '/home/ubuntu/tfg_ws/install/local_setup.sh'
[25.602s] INFO:colcon.colcon_core.shell:Creating prefix util module '/home/ubuntu/tfg_ws/install/_local_setup_util_sh.py'
[25.603s] INFO:colcon.colcon_core.shell:Creating prefix chain script '/home/ubuntu/tfg_ws/install/setup.sh'
[25.605s] INFO:colcon.colcon_core.shell:Creating prefix script '/home/ubuntu/tfg_ws/install/local_setup.bash'
[25.606s] INFO:colcon.colcon_core.shell:Creating prefix chain script '/home/ubuntu/tfg_ws/install/setup.bash'
[25.608s] INFO:colcon.colcon_core.shell:Creating prefix script '/home/ubuntu/tfg_ws/install/local_setup.zsh'
[25.609s] INFO:colcon.colcon_core.shell:Creating prefix chain script '/home/ubuntu/tfg_ws/install/setup.zsh'
