[1.105s] DEBUG:colcon:Command line arguments: ['/usr/bin/colcon', 'build', '--symlink-install']
[1.107s] DEBUG:colcon:Parsed command line arguments: Namespace(log_base=None, log_level=None, verb_name='build', build_base='build', install_base='install', merge_install=False, symlink_install=True, test_result_base=None, continue_on_error=False, executor='parallel', parallel_workers=4, event_handlers=None, ignore_user_meta=False, metas=['./colcon.meta'], base_paths=['.'], packages_ignore=None, packages_ignore_regex=None, paths=None, packages_up_to=None, packages_up_to_regex=None, packages_above=None, packages_above_and_dependencies=None, packages_above_depth=None, packages_select_by_dep=None, packages_skip_by_dep=None, packages_skip_up_to=None, packages_select_build_failed=False, packages_skip_build_finished=False, packages_select_test_failures=False, packages_skip_test_passed=False, packages_select=None, packages_skip=None, packages_select_regex=None, packages_skip_regex=None, packages_start=None, packages_end=None, allow_overriding=[], cmake_args=None, cmake_target=None, cmake_target_skip_unavailable=False, cmake_clean_cache=False, cmake_clean_first=False, cmake_force_configure=False, ament_cmake_args=None, catkin_cmake_args=None, catkin_skip_building_tests=False, verb_parser=<colcon_defaults.argument_parser.defaults.DefaultArgumentsDecorator object at 0xffff96aba030>, verb_extension=<colcon_core.verb.build.BuildVerb object at 0xffff97b760f0>, main=<bound method BuildVerb.main of <colcon_core.verb.build.BuildVerb object at 0xffff97b760f0>>)
[1.535s] Level 1:colcon.colcon_core.package_discovery:discover_packages(colcon_meta) check parameters
[1.536s] Level 1:colcon.colcon_core.package_discovery:discover_packages(recursive) check parameters
[1.536s] Level 1:colcon.colcon_core.package_discovery:discover_packages(ignore) check parameters
[1.536s] Level 1:colcon.colcon_core.package_discovery:discover_packages(path) check parameters
[1.536s] Level 1:colcon.colcon_core.package_discovery:discover_packages(colcon_meta) discover
[1.537s] Level 1:colcon.colcon_core.package_discovery:discover_packages(recursive) discover
[1.537s] INFO:colcon.colcon_core.package_discovery:Crawling recursively for packages in '/home/ubuntu/tfg_ws'
[1.538s] Level 1:colcon.colcon_core.package_identification:_identify(.) by extensions ['ignore', 'ignore_ament_install']
[1.539s] Level 1:colcon.colcon_core.package_identification:_identify(.) by extension 'ignore'
[1.539s] Level 1:colcon.colcon_core.package_identification:_identify(.) by extension 'ignore_ament_install'
[1.540s] Level 1:colcon.colcon_core.package_identification:_identify(.) by extensions ['colcon_pkg']
[1.540s] Level 1:colcon.colcon_core.package_identification:_identify(.) by extension 'colcon_pkg'
[1.540s] Level 1:colcon.colcon_core.package_identification:_identify(.) by extensions ['colcon_meta']
[1.540s] Level 1:colcon.colcon_core.package_identification:_identify(.) by extension 'colcon_meta'
[1.541s] Level 1:colcon.colcon_core.package_identification:_identify(.) by extensions ['ros']
[1.541s] Level 1:colcon.colcon_core.package_identification:_identify(.) by extension 'ros'
[1.856s] Level 1:colcon.colcon_core.package_identification:_identify(.) by extensions ['cmake', 'python']
[1.857s] Level 1:colcon.colcon_core.package_identification:_identify(.) by extension 'cmake'
[1.857s] Level 1:colcon.colcon_core.package_identification:_identify(.) by extension 'python'
[1.858s] Level 1:colcon.colcon_core.package_identification:_identify(.) by extensions ['python_setup_py']
[1.858s] Level 1:colcon.colcon_core.package_identification:_identify(.) by extension 'python_setup_py'
[1.861s] Level 1:colcon.colcon_core.package_identification:_identify(backup_antiguo) by extensions ['ignore', 'ignore_ament_install']
[1.863s] Level 1:colcon.colcon_core.package_identification:_identify(backup_antiguo) by extension 'ignore'
[1.864s] Level 1:colcon.colcon_core.package_identification:_identify(backup_antiguo) ignored
[1.865s] Level 1:colcon.colcon_core.package_identification:_identify(build) by extensions ['ignore', 'ignore_ament_install']
[1.866s] Level 1:colcon.colcon_core.package_identification:_identify(build) by extension 'ignore'
[1.867s] Level 1:colcon.colcon_core.package_identification:_identify(build) ignored
[1.867s] Level 1:colcon.colcon_core.package_identification:_identify(install) by extensions ['ignore', 'ignore_ament_install']
[1.868s] Level 1:colcon.colcon_core.package_identification:_identify(install) by extension 'ignore'
[1.868s] Level 1:colcon.colcon_core.package_identification:_identify(install) ignored
[1.868s] Level 1:colcon.colcon_core.package_identification:_identify(log) by extensions ['ignore', 'ignore_ament_install']
[1.869s] Level 1:colcon.colcon_core.package_identification:_identify(log) by extension 'ignore'
[1.869s] Level 1:colcon.colcon_core.package_identification:_identify(log) ignored
[1.869s] Level 1:colcon.colcon_core.package_identification:_identify(src) by extensions ['ignore', 'ignore_ament_install']
[1.870s] Level 1:colcon.colcon_core.package_identification:_identify(src) by extension 'ignore'
[1.870s] Level 1:colcon.colcon_core.package_identification:_identify(src) by extension 'ignore_ament_install'
[1.870s] Level 1:colcon.colcon_core.package_identification:_identify(src) by extensions ['colcon_pkg']
[1.870s] Level 1:colcon.colcon_core.package_identification:_identify(src) by extension 'colcon_pkg'
[1.871s] Level 1:colcon.colcon_core.package_identification:_identify(src) by extensions ['colcon_meta']
[1.871s] Level 1:colcon.colcon_core.package_identification:_identify(src) by extension 'colcon_meta'
[1.871s] Level 1:colcon.colcon_core.package_identification:_identify(src) by extensions ['ros']
[1.871s] Level 1:colcon.colcon_core.package_identification:_identify(src) by extension 'ros'
[1.871s] Level 1:colcon.colcon_core.package_identification:_identify(src) by extensions ['cmake', 'python']
[1.871s] Level 1:colcon.colcon_core.package_identification:_identify(src) by extension 'cmake'
[1.872s] Level 1:colcon.colcon_core.package_identification:_identify(src) by extension 'python'
[1.872s] Level 1:colcon.colcon_core.package_identification:_identify(src) by extensions ['python_setup_py']
[1.872s] Level 1:colcon.colcon_core.package_identification:_identify(src) by extension 'python_setup_py'
[1.872s] Level 1:colcon.colcon_core.package_identification:_identify(src/abb_egm_rws_managers) by extensions ['ignore', 'ignore_ament_install']
[1.873s] Level 1:colcon.colcon_core.package_identification:_identify(src/abb_egm_rws_managers) by extension 'ignore'
[1.874s] Level 1:colcon.colcon_core.package_identification:_identify(src/abb_egm_rws_managers) by extension 'ignore_ament_install'
[1.874s] Level 1:colcon.colcon_core.package_identification:_identify(src/abb_egm_rws_managers) by extensions ['colcon_pkg']
[1.874s] Level 1:colcon.colcon_core.package_identification:_identify(src/abb_egm_rws_managers) by extension 'colcon_pkg'
[1.875s] Level 1:colcon.colcon_core.package_identification:_identify(src/abb_egm_rws_managers) by extensions ['colcon_meta']
[1.875s] Level 1:colcon.colcon_core.package_identification:_identify(src/abb_egm_rws_managers) by extension 'colcon_meta'
[1.875s] Level 1:colcon.colcon_core.package_identification:_identify(src/abb_egm_rws_managers) by extensions ['ros']
[1.876s] Level 1:colcon.colcon_core.package_identification:_identify(src/abb_egm_rws_managers) by extension 'ros'
[1.877s] Level 1:colcon.colcon_core.package_identification:_identify(src/abb_egm_rws_managers) by extensions ['cmake', 'python']
[1.878s] Level 1:colcon.colcon_core.package_identification:_identify(src/abb_egm_rws_managers) by extension 'cmake'
[1.878s] Level 1:colcon.colcon_core.package_identification:_identify(src/abb_egm_rws_managers) by extension 'python'
[1.879s] Level 1:colcon.colcon_core.package_identification:_identify(src/abb_egm_rws_managers) by extensions ['python_setup_py']
[1.879s] Level 1:colcon.colcon_core.package_identification:_identify(src/abb_egm_rws_managers) by extension 'python_setup_py'
[1.881s] Level 1:colcon.colcon_core.package_identification:_identify(src/abb_irb140_support) by extensions ['ignore', 'ignore_ament_install']
[1.882s] Level 1:colcon.colcon_core.package_identification:_identify(src/abb_irb140_support) by extension 'ignore'
[1.882s] Level 1:colcon.colcon_core.package_identification:_identify(src/abb_irb140_support) by extension 'ignore_ament_install'
[1.882s] Level 1:colcon.colcon_core.package_identification:_identify(src/abb_irb140_support) by extensions ['colcon_pkg']
[1.882s] Level 1:colcon.colcon_core.package_identification:_identify(src/abb_irb140_support) by extension 'colcon_pkg'
[1.882s] Level 1:colcon.colcon_core.package_identification:_identify(src/abb_irb140_support) by extensions ['colcon_meta']
[1.883s] Level 1:colcon.colcon_core.package_identification:_identify(src/abb_irb140_support) by extension 'colcon_meta'
[1.883s] Level 1:colcon.colcon_core.package_identification:_identify(src/abb_irb140_support) by extensions ['ros']
[1.883s] Level 1:colcon.colcon_core.package_identification:_identify(src/abb_irb140_support) by extension 'ros'
[1.902s] DEBUG:colcon.colcon_core.package_identification:Package 'src/abb_irb140_support' with type 'ros.ament_cmake' and name 'abb_irb140_support'
[1.903s] Level 1:colcon.colcon_core.package_identification:_identify(src/abb_libegm) by extensions ['ignore', 'ignore_ament_install']
[1.904s] Level 1:colcon.colcon_core.package_identification:_identify(src/abb_libegm) by extension 'ignore'
[1.905s] Level 1:colcon.colcon_core.package_identification:_identify(src/abb_libegm) by extension 'ignore_ament_install'
[1.905s] Level 1:colcon.colcon_core.package_identification:_identify(src/abb_libegm) by extensions ['colcon_pkg']
[1.906s] Level 1:colcon.colcon_core.package_identification:_identify(src/abb_libegm) by extension 'colcon_pkg'
[1.906s] Level 1:colcon.colcon_core.package_identification:_identify(src/abb_libegm) by extensions ['colcon_meta']
[1.907s] Level 1:colcon.colcon_core.package_identification:_identify(src/abb_libegm) by extension 'colcon_meta'
[1.907s] Level 1:colcon.colcon_core.package_identification:_identify(src/abb_libegm) by extensions ['ros']
[1.908s] Level 1:colcon.colcon_core.package_identification:_identify(src/abb_libegm) by extension 'ros'
[1.909s] Level 1:colcon.colcon_core.package_identification:_identify(src/abb_libegm) by extensions ['cmake', 'python']
[1.909s] Level 1:colcon.colcon_core.package_identification:_identify(src/abb_libegm) by extension 'cmake'
[1.910s] Level 1:colcon.colcon_core.package_identification:_identify(src/abb_libegm) by extension 'python'
[1.911s] Level 1:colcon.colcon_core.package_identification:_identify(src/abb_libegm) by extensions ['python_setup_py']
[1.911s] Level 1:colcon.colcon_core.package_identification:_identify(src/abb_libegm) by extension 'python_setup_py'
[1.912s] Level 1:colcon.colcon_core.package_identification:_identify(src/abb_librws) by extensions ['ignore', 'ignore_ament_install']
[1.913s] Level 1:colcon.colcon_core.package_identification:_identify(src/abb_librws) by extension 'ignore'
[1.913s] Level 1:colcon.colcon_core.package_identification:_identify(src/abb_librws) by extension 'ignore_ament_install'
[1.913s] Level 1:colcon.colcon_core.package_identification:_identify(src/abb_librws) by extensions ['colcon_pkg']
[1.913s] Level 1:colcon.colcon_core.package_identification:_identify(src/abb_librws) by extension 'colcon_pkg'
[1.913s] Level 1:colcon.colcon_core.package_identification:_identify(src/abb_librws) by extensions ['colcon_meta']
[1.913s] Level 1:colcon.colcon_core.package_identification:_identify(src/abb_librws) by extension 'colcon_meta'
[1.914s] Level 1:colcon.colcon_core.package_identification:_identify(src/abb_librws) by extensions ['ros']
[1.914s] Level 1:colcon.colcon_core.package_identification:_identify(src/abb_librws) by extension 'ros'
[1.914s] Level 1:colcon.colcon_core.package_identification:_identify(src/abb_librws) by extensions ['cmake', 'python']
[1.914s] Level 1:colcon.colcon_core.package_identification:_identify(src/abb_librws) by extension 'cmake'
[1.915s] Level 1:colcon.colcon_core.package_identification:_identify(src/abb_librws) by extension 'python'
[1.915s] Level 1:colcon.colcon_core.package_identification:_identify(src/abb_librws) by extensions ['python_setup_py']
[1.915s] Level 1:colcon.colcon_core.package_identification:_identify(src/abb_librws) by extension 'python_setup_py'
[1.916s] Level 1:colcon.colcon_core.package_identification:_identify(src/abb_ros2) by extensions ['ignore', 'ignore_ament_install']
[1.916s] Level 1:colcon.colcon_core.package_identification:_identify(src/abb_ros2) by extension 'ignore'
[1.916s] Level 1:colcon.colcon_core.package_identification:_identify(src/abb_ros2) by extension 'ignore_ament_install'
[1.917s] Level 1:colcon.colcon_core.package_identification:_identify(src/abb_ros2) by extensions ['colcon_pkg']
[1.917s] Level 1:colcon.colcon_core.package_identification:_identify(src/abb_ros2) by extension 'colcon_pkg'
[1.917s] Level 1:colcon.colcon_core.package_identification:_identify(src/abb_ros2) by extensions ['colcon_meta']
[1.917s] Level 1:colcon.colcon_core.package_identification:_identify(src/abb_ros2) by extension 'colcon_meta'
[1.917s] Level 1:colcon.colcon_core.package_identification:_identify(src/abb_ros2) by extensions ['ros']
[1.917s] Level 1:colcon.colcon_core.package_identification:_identify(src/abb_ros2) by extension 'ros'
[1.918s] Level 1:colcon.colcon_core.package_identification:_identify(src/abb_ros2) by extensions ['cmake', 'python']
[1.918s] Level 1:colcon.colcon_core.package_identification:_identify(src/abb_ros2) by extension 'cmake'
[1.918s] Level 1:colcon.colcon_core.package_identification:_identify(src/abb_ros2) by extension 'python'
[1.918s] Level 1:colcon.colcon_core.package_identification:_identify(src/abb_ros2) by extensions ['python_setup_py']
[1.918s] Level 1:colcon.colcon_core.package_identification:_identify(src/abb_ros2) by extension 'python_setup_py'
[1.918s] Level 1:colcon.colcon_core.package_discovery:discover_packages(recursive) using defaults
[1.919s] Level 1:colcon.colcon_core.package_discovery:discover_packages(ignore) discover
[1.919s] Level 1:colcon.colcon_core.package_discovery:discover_packages(ignore) using defaults
[1.919s] Level 1:colcon.colcon_core.package_discovery:discover_packages(path) discover
[1.919s] Level 1:colcon.colcon_core.package_discovery:discover_packages(path) using defaults
[2.068s] Level 1:colcon.colcon_core.package_discovery:discover_packages(prefix_path) check parameters
[2.069s] Level 1:colcon.colcon_core.package_discovery:discover_packages(prefix_path) discover
[2.096s] DEBUG:colcon.colcon_installed_package_information.package_discovery:Found 10 installed packages in /home/ubuntu/tfg_ws/install
[2.103s] DEBUG:colcon.colcon_installed_package_information.package_discovery:Found 403 installed packages in /opt/ros/jazzy
[2.118s] Level 1:colcon.colcon_core.package_discovery:discover_packages(prefix_path) using defaults
[2.455s] Level 5:colcon.colcon_core.verb:set package 'abb_irb140_support' build argument 'cmake_args' from command line to 'None'
[2.456s] Level 5:colcon.colcon_core.verb:set package 'abb_irb140_support' build argument 'cmake_target' from command line to 'None'
[2.456s] Level 5:colcon.colcon_core.verb:set package 'abb_irb140_support' build argument 'cmake_target_skip_unavailable' from command line to 'False'
[2.456s] Level 5:colcon.colcon_core.verb:set package 'abb_irb140_support' build argument 'cmake_clean_cache' from command line to 'False'
[2.456s] Level 5:colcon.colcon_core.verb:set package 'abb_irb140_support' build argument 'cmake_clean_first' from command line to 'False'
[2.456s] Level 5:colcon.colcon_core.verb:set package 'abb_irb140_support' build argument 'cmake_force_configure' from command line to 'False'
[2.456s] Level 5:colcon.colcon_core.verb:set package 'abb_irb140_support' build argument 'ament_cmake_args' from command line to 'None'
[2.456s] Level 5:colcon.colcon_core.verb:set package 'abb_irb140_support' build argument 'catkin_cmake_args' from command line to 'None'
[2.456s] Level 5:colcon.colcon_core.verb:set package 'abb_irb140_support' build argument 'catkin_skip_building_tests' from command line to 'False'
[2.457s] DEBUG:colcon.colcon_core.verb:Building package 'abb_irb140_support' with the following arguments: {'ament_cmake_args': None, 'build_base': '/home/ubuntu/tfg_ws/build/abb_irb140_support', 'catkin_cmake_args': None, 'catkin_skip_building_tests': False, 'cmake_args': None, 'cmake_clean_cache': False, 'cmake_clean_first': False, 'cmake_force_configure': False, 'cmake_target': None, 'cmake_target_skip_unavailable': False, 'install_base': '/home/ubuntu/tfg_ws/install/abb_irb140_support', 'merge_install': False, 'path': '/home/ubuntu/tfg_ws/src/abb_irb140_support', 'symlink_install': True, 'test_result_base': None}
[2.458s] INFO:colcon.colcon_core.executor:Executing jobs using 'parallel' executor
[2.465s] DEBUG:colcon.colcon_parallel_executor.executor.parallel:run_until_complete
[2.468s] INFO:colcon.colcon_ros.task.ament_cmake.build:Building ROS package in '/home/ubuntu/tfg_ws/src/abb_irb140_support' with build type 'ament_cmake'
[2.469s] INFO:colcon.colcon_cmake.task.cmake.build:Building CMake package in '/home/ubuntu/tfg_ws/src/abb_irb140_support'
[2.501s] INFO:colcon.colcon_core.plugin_system:Skipping extension 'colcon_core.shell.bat': Not used on non-Windows systems
[2.502s] INFO:colcon.colcon_core.shell:Skip shell extension 'powershell' for command environment: Not usable outside of PowerShell
[2.502s] DEBUG:colcon.colcon_core.shell:Skip shell extension 'dsv' for command environment
[2.565s] DEBUG:colcon.colcon_core.event_handler.log_command:Invoking command in '/home/ubuntu/tfg_ws/build/abb_irb140_support': CMAKE_PREFIX_PATH=${CMAKE_PREFIX_PATH}:/opt/ros/jazzy /usr/bin/cmake --build /home/ubuntu/tfg_ws/build/abb_irb140_support -- -j4 -l4
[6.164s] DEBUG:colcon.colcon_core.event_handler.log_command:Invoked command in '/home/ubuntu/tfg_ws/build/abb_irb140_support' returned '0': CMAKE_PREFIX_PATH=${CMAKE_PREFIX_PATH}:/opt/ros/jazzy /usr/bin/cmake --build /home/ubuntu/tfg_ws/build/abb_irb140_support -- -j4 -l4
[6.232s] DEBUG:colcon.colcon_core.event_handler.log_command:Invoking command in '/home/ubuntu/tfg_ws/build/abb_irb140_support': CMAKE_PREFIX_PATH=${CMAKE_PREFIX_PATH}:/opt/ros/jazzy /usr/bin/cmake --install /home/ubuntu/tfg_ws/build/abb_irb140_support
[6.682s] Level 1:colcon.colcon_core.environment:create_environment_scripts_only(abb_irb140_support)
[6.686s] DEBUG:colcon.colcon_core.event_handler.log_command:Invoked command in '/home/ubuntu/tfg_ws/build/abb_irb140_support' returned '0': CMAKE_PREFIX_PATH=${CMAKE_PREFIX_PATH}:/opt/ros/jazzy /usr/bin/cmake --install /home/ubuntu/tfg_ws/build/abb_irb140_support
[6.923s] Level 1:colcon.colcon_core.environment:checking '/home/ubuntu/tfg_ws/install/abb_irb140_support' for CMake module files
[6.927s] Level 1:colcon.colcon_core.environment:checking '/home/ubuntu/tfg_ws/install/abb_irb140_support' for CMake config files
[6.928s] Level 1:colcon.colcon_core.shell:create_environment_hook('abb_irb140_support', 'cmake_prefix_path')
[6.930s] INFO:colcon.colcon_core.shell:Creating environment hook '/home/ubuntu/tfg_ws/install/abb_irb140_support/share/abb_irb140_support/hook/cmake_prefix_path.ps1'
[6.937s] INFO:colcon.colcon_core.shell:Creating environment descriptor '/home/ubuntu/tfg_ws/install/abb_irb140_support/share/abb_irb140_support/hook/cmake_prefix_path.dsv'
[6.942s] INFO:colcon.colcon_core.shell:Creating environment hook '/home/ubuntu/tfg_ws/install/abb_irb140_support/share/abb_irb140_support/hook/cmake_prefix_path.sh'
[6.956s] Level 1:colcon.colcon_core.environment:checking '/home/ubuntu/tfg_ws/install/abb_irb140_support/bin'
[6.956s] Level 1:colcon.colcon_core.environment:checking '/home/ubuntu/tfg_ws/install/abb_irb140_support/lib/pkgconfig/abb_irb140_support.pc'
[6.957s] Level 1:colcon.colcon_core.environment:checking '/home/ubuntu/tfg_ws/install/abb_irb140_support/lib/python3.12/site-packages'
[6.959s] Level 1:colcon.colcon_core.environment:checking '/home/ubuntu/tfg_ws/install/abb_irb140_support/bin'
[6.960s] INFO:colcon.colcon_core.shell:Creating package script '/home/ubuntu/tfg_ws/install/abb_irb140_support/share/abb_irb140_support/package.ps1'
[6.965s] INFO:colcon.colcon_core.shell:Creating package descriptor '/home/ubuntu/tfg_ws/install/abb_irb140_support/share/abb_irb140_support/package.dsv'
[6.973s] INFO:colcon.colcon_core.shell:Creating package script '/home/ubuntu/tfg_ws/install/abb_irb140_support/share/abb_irb140_support/package.sh'
[6.979s] INFO:colcon.colcon_core.shell:Creating package script '/home/ubuntu/tfg_ws/install/abb_irb140_support/share/abb_irb140_support/package.bash'
[6.983s] INFO:colcon.colcon_core.shell:Creating package script '/home/ubuntu/tfg_ws/install/abb_irb140_support/share/abb_irb140_support/package.zsh'
[6.986s] Level 1:colcon.colcon_core.environment:create_file_with_runtime_dependencies(/home/ubuntu/tfg_ws/install/abb_irb140_support/share/colcon-core/packages/abb_irb140_support)
[6.988s] Level 1:colcon.colcon_core.environment:create_environment_scripts_only(abb_irb140_support)
[6.988s] Level 1:colcon.colcon_core.environment:checking '/home/ubuntu/tfg_ws/install/abb_irb140_support' for CMake module files
[6.990s] Level 1:colcon.colcon_core.environment:checking '/home/ubuntu/tfg_ws/install/abb_irb140_support' for CMake config files
[6.990s] Level 1:colcon.colcon_core.shell:create_environment_hook('abb_irb140_support', 'cmake_prefix_path')
[6.991s] INFO:colcon.colcon_core.shell:Creating environment hook '/home/ubuntu/tfg_ws/install/abb_irb140_support/share/abb_irb140_support/hook/cmake_prefix_path.ps1'
[6.993s] INFO:colcon.colcon_core.shell:Creating environment descriptor '/home/ubuntu/tfg_ws/install/abb_irb140_support/share/abb_irb140_support/hook/cmake_prefix_path.dsv'
[6.994s] INFO:colcon.colcon_core.shell:Creating environment hook '/home/ubuntu/tfg_ws/install/abb_irb140_support/share/abb_irb140_support/hook/cmake_prefix_path.sh'
[6.995s] Level 1:colcon.colcon_core.environment:checking '/home/ubuntu/tfg_ws/install/abb_irb140_support/bin'
[6.996s] Level 1:colcon.colcon_core.environment:checking '/home/ubuntu/tfg_ws/install/abb_irb140_support/lib/pkgconfig/abb_irb140_support.pc'
[6.996s] Level 1:colcon.colcon_core.environment:checking '/home/ubuntu/tfg_ws/install/abb_irb140_support/lib/python3.12/site-packages'
[6.997s] Level 1:colcon.colcon_core.environment:checking '/home/ubuntu/tfg_ws/install/abb_irb140_support/bin'
[6.998s] INFO:colcon.colcon_core.shell:Creating package script '/home/ubuntu/tfg_ws/install/abb_irb140_support/share/abb_irb140_support/package.ps1'
[7.000s] INFO:colcon.colcon_core.shell:Creating package descriptor '/home/ubuntu/tfg_ws/install/abb_irb140_support/share/abb_irb140_support/package.dsv'
[7.001s] INFO:colcon.colcon_core.shell:Creating package script '/home/ubuntu/tfg_ws/install/abb_irb140_support/share/abb_irb140_support/package.sh'
[7.003s] INFO:colcon.colcon_core.shell:Creating package script '/home/ubuntu/tfg_ws/install/abb_irb140_support/share/abb_irb140_support/package.bash'
[7.004s] INFO:colcon.colcon_core.shell:Creating package script '/home/ubuntu/tfg_ws/install/abb_irb140_support/share/abb_irb140_support/package.zsh'
[7.005s] Level 1:colcon.colcon_core.environment:create_file_with_runtime_dependencies(/home/ubuntu/tfg_ws/install/abb_irb140_support/share/colcon-core/packages/abb_irb140_support)
[7.007s] DEBUG:colcon.colcon_parallel_executor.executor.parallel:closing loop
[7.008s] DEBUG:colcon.colcon_parallel_executor.executor.parallel:loop closed
[7.008s] DEBUG:colcon.colcon_parallel_executor.executor.parallel:run_until_complete finished with '0'
[7.009s] DEBUG:colcon.colcon_core.event_reactor:joining thread
[7.054s] INFO:colcon.colcon_core.plugin_system:Skipping extension 'colcon_notification.desktop_notification.terminal_notifier': Not used on non-Darwin systems
[7.055s] INFO:colcon.colcon_core.plugin_system:Skipping extension 'colcon_notification.desktop_notification.win32': Not used on non-Windows systems
[7.055s] INFO:colcon.colcon_notification.desktop_notification:Sending desktop notification using 'notify2'
[32.081s] DEBUG:colcon.colcon_notification.desktop_notification.notify2:Failed to initialize notify2: org.freedesktop.DBus.Error.NoReply: Did not receive a reply. Possible causes include: the remote application did not send a reply, the message bus security policy blocked the reply, the reply timeout expired, or the network connection was broken.
[32.081s] DEBUG:colcon.colcon_core.event_reactor:joined thread
[32.082s] INFO:colcon.colcon_core.shell:Creating prefix script '/home/ubuntu/tfg_ws/install/local_setup.ps1'
[32.084s] INFO:colcon.colcon_core.shell:Creating prefix util module '/home/ubuntu/tfg_ws/install/_local_setup_util_ps1.py'
[32.087s] INFO:colcon.colcon_core.shell:Creating prefix chain script '/home/ubuntu/tfg_ws/install/setup.ps1'
[32.089s] INFO:colcon.colcon_core.shell:Creating prefix script '/home/ubuntu/tfg_ws/install/local_setup.sh'
[32.090s] INFO:colcon.colcon_core.shell:Creating prefix util module '/home/ubuntu/tfg_ws/install/_local_setup_util_sh.py'
[32.092s] INFO:colcon.colcon_core.shell:Creating prefix chain script '/home/ubuntu/tfg_ws/install/setup.sh'
[32.093s] INFO:colcon.colcon_core.shell:Creating prefix script '/home/ubuntu/tfg_ws/install/local_setup.bash'
[32.094s] INFO:colcon.colcon_core.shell:Creating prefix chain script '/home/ubuntu/tfg_ws/install/setup.bash'
[32.096s] INFO:colcon.colcon_core.shell:Creating prefix script '/home/ubuntu/tfg_ws/install/local_setup.zsh'
[32.097s] INFO:colcon.colcon_core.shell:Creating prefix chain script '/home/ubuntu/tfg_ws/install/setup.zsh'
