[0.139s] DEBUG:colcon:Command line arguments: ['/usr/bin/colcon', 'build', '--symlink-install']
[0.140s] DEBUG:colcon:Parsed command line arguments: Namespace(log_base=None, log_level=None, verb_name='build', build_base='build', install_base='install', merge_install=False, symlink_install=True, test_result_base=None, continue_on_error=False, executor='parallel', parallel_workers=4, event_handlers=None, ignore_user_meta=False, metas=['./colcon.meta'], base_paths=['.'], packages_ignore=None, packages_ignore_regex=None, paths=None, packages_up_to=None, packages_up_to_regex=None, packages_above=None, packages_above_and_dependencies=None, packages_above_depth=None, packages_select_by_dep=None, packages_skip_by_dep=None, packages_skip_up_to=None, packages_select_build_failed=False, packages_skip_build_finished=False, packages_select_test_failures=False, packages_skip_test_passed=False, packages_select=None, packages_skip=None, packages_select_regex=None, packages_skip_regex=None, packages_start=None, packages_end=None, allow_overriding=[], cmake_args=None, cmake_target=None, cmake_target_skip_unavailable=False, cmake_clean_cache=False, cmake_clean_first=False, cmake_force_configure=False, ament_cmake_args=None, catkin_cmake_args=None, catkin_skip_building_tests=False, verb_parser=<colcon_defaults.argument_parser.defaults.DefaultArgumentsDecorator object at 0xffffa636a270>, verb_extension=<colcon_core.verb.build.BuildVerb object at 0xffffa65227e0>, main=<bound method BuildVerb.main of <colcon_core.verb.build.BuildVerb object at 0xffffa65227e0>>)
[0.195s] Level 1:colcon.colcon_core.package_discovery:discover_packages(colcon_meta) check parameters
[0.195s] Level 1:colcon.colcon_core.package_discovery:discover_packages(recursive) check parameters
[0.195s] Level 1:colcon.colcon_core.package_discovery:discover_packages(ignore) check parameters
[0.195s] Level 1:colcon.colcon_core.package_discovery:discover_packages(path) check parameters
[0.195s] Level 1:colcon.colcon_core.package_discovery:discover_packages(colcon_meta) discover
[0.195s] Level 1:colcon.colcon_core.package_discovery:discover_packages(recursive) discover
[0.195s] INFO:colcon.colcon_core.package_discovery:Crawling recursively for packages in '/home/ubuntu/tfg_ws'
[0.195s] Level 1:colcon.colcon_core.package_identification:_identify(.) by extensions ['ignore', 'ignore_ament_install']
[0.195s] Level 1:colcon.colcon_core.package_identification:_identify(.) by extension 'ignore'
[0.195s] Level 1:colcon.colcon_core.package_identification:_identify(.) by extension 'ignore_ament_install'
[0.195s] Level 1:colcon.colcon_core.package_identification:_identify(.) by extensions ['colcon_pkg']
[0.195s] Level 1:colcon.colcon_core.package_identification:_identify(.) by extension 'colcon_pkg'
[0.195s] Level 1:colcon.colcon_core.package_identification:_identify(.) by extensions ['colcon_meta']
[0.195s] Level 1:colcon.colcon_core.package_identification:_identify(.) by extension 'colcon_meta'
[0.195s] Level 1:colcon.colcon_core.package_identification:_identify(.) by extensions ['ros']
[0.196s] Level 1:colcon.colcon_core.package_identification:_identify(.) by extension 'ros'
[0.232s] Level 1:colcon.colcon_core.package_identification:_identify(.) by extensions ['cmake', 'python']
[0.232s] Level 1:colcon.colcon_core.package_identification:_identify(.) by extension 'cmake'
[0.233s] Level 1:colcon.colcon_core.package_identification:_identify(.) by extension 'python'
[0.233s] Level 1:colcon.colcon_core.package_identification:_identify(.) by extensions ['python_setup_py']
[0.233s] Level 1:colcon.colcon_core.package_identification:_identify(.) by extension 'python_setup_py'
[0.233s] Level 1:colcon.colcon_core.package_identification:_identify(backup_antiguo) by extensions ['ignore', 'ignore_ament_install']
[0.233s] Level 1:colcon.colcon_core.package_identification:_identify(backup_antiguo) by extension 'ignore'
[0.233s] Level 1:colcon.colcon_core.package_identification:_identify(backup_antiguo) ignored
[0.233s] Level 1:colcon.colcon_core.package_identification:_identify(build) by extensions ['ignore', 'ignore_ament_install']
[0.233s] Level 1:colcon.colcon_core.package_identification:_identify(build) by extension 'ignore'
[0.233s] Level 1:colcon.colcon_core.package_identification:_identify(build) ignored
[0.233s] Level 1:colcon.colcon_core.package_identification:_identify(install) by extensions ['ignore', 'ignore_ament_install']
[0.233s] Level 1:colcon.colcon_core.package_identification:_identify(install) by extension 'ignore'
[0.233s] Level 1:colcon.colcon_core.package_identification:_identify(install) ignored
[0.234s] Level 1:colcon.colcon_core.package_identification:_identify(log) by extensions ['ignore', 'ignore_ament_install']
[0.234s] Level 1:colcon.colcon_core.package_identification:_identify(log) by extension 'ignore'
[0.234s] Level 1:colcon.colcon_core.package_identification:_identify(log) ignored
[0.234s] Level 1:colcon.colcon_core.package_identification:_identify(src) by extensions ['ignore', 'ignore_ament_install']
[0.234s] Level 1:colcon.colcon_core.package_identification:_identify(src) by extension 'ignore'
[0.234s] Level 1:colcon.colcon_core.package_identification:_identify(src) by extension 'ignore_ament_install'
[0.234s] Level 1:colcon.colcon_core.package_identification:_identify(src) by extensions ['colcon_pkg']
[0.234s] Level 1:colcon.colcon_core.package_identification:_identify(src) by extension 'colcon_pkg'
[0.234s] Level 1:colcon.colcon_core.package_identification:_identify(src) by extensions ['colcon_meta']
[0.234s] Level 1:colcon.colcon_core.package_identification:_identify(src) by extension 'colcon_meta'
[0.234s] Level 1:colcon.colcon_core.package_identification:_identify(src) by extensions ['ros']
[0.234s] Level 1:colcon.colcon_core.package_identification:_identify(src) by extension 'ros'
[0.234s] Level 1:colcon.colcon_core.package_identification:_identify(src) by extensions ['cmake', 'python']
[0.234s] Level 1:colcon.colcon_core.package_identification:_identify(src) by extension 'cmake'
[0.234s] Level 1:colcon.colcon_core.package_identification:_identify(src) by extension 'python'
[0.234s] Level 1:colcon.colcon_core.package_identification:_identify(src) by extensions ['python_setup_py']
[0.234s] Level 1:colcon.colcon_core.package_identification:_identify(src) by extension 'python_setup_py'
[0.234s] Level 1:colcon.colcon_core.package_identification:_identify(src/abb_irb140_support) by extensions ['ignore', 'ignore_ament_install']
[0.235s] Level 1:colcon.colcon_core.package_identification:_identify(src/abb_irb140_support) by extension 'ignore'
[0.235s] Level 1:colcon.colcon_core.package_identification:_identify(src/abb_irb140_support) by extension 'ignore_ament_install'
[0.235s] Level 1:colcon.colcon_core.package_identification:_identify(src/abb_irb140_support) by extensions ['colcon_pkg']
[0.235s] Level 1:colcon.colcon_core.package_identification:_identify(src/abb_irb140_support) by extension 'colcon_pkg'
[0.235s] Level 1:colcon.colcon_core.package_identification:_identify(src/abb_irb140_support) by extensions ['colcon_meta']
[0.235s] Level 1:colcon.colcon_core.package_identification:_identify(src/abb_irb140_support) by extension 'colcon_meta'
[0.235s] Level 1:colcon.colcon_core.package_identification:_identify(src/abb_irb140_support) by extensions ['ros']
[0.235s] Level 1:colcon.colcon_core.package_identification:_identify(src/abb_irb140_support) by extension 'ros'
[0.238s] DEBUG:colcon.colcon_core.package_identification:Package 'src/abb_irb140_support' with type 'ros.ament_cmake' and name 'abb_irb140_support'
[0.238s] Level 1:colcon.colcon_core.package_discovery:discover_packages(recursive) using defaults
[0.238s] Level 1:colcon.colcon_core.package_discovery:discover_packages(ignore) discover
[0.238s] Level 1:colcon.colcon_core.package_discovery:discover_packages(ignore) using defaults
[0.238s] Level 1:colcon.colcon_core.package_discovery:discover_packages(path) discover
[0.238s] Level 1:colcon.colcon_core.package_discovery:discover_packages(path) using defaults
[0.261s] Level 1:colcon.colcon_core.package_discovery:discover_packages(prefix_path) check parameters
[0.261s] Level 1:colcon.colcon_core.package_discovery:discover_packages(prefix_path) discover
[0.262s] WARNING:colcon.colcon_ros.prefix_path.ament:The path '/home/ubuntu/tfg_ws/install/tfg_abb_irb140' in the environment variable AMENT_PREFIX_PATH doesn't exist
[0.262s] WARNING:colcon.colcon_ros.prefix_path.ament:The path '/home/ubuntu/tfg_ws/install/abb_ros2' in the environment variable AMENT_PREFIX_PATH doesn't exist
[0.262s] WARNING:colcon.colcon_ros.prefix_path.ament:The path '/home/ubuntu/tfg_ws/install/abb_resources' in the environment variable AMENT_PREFIX_PATH doesn't exist
[0.262s] WARNING:colcon.colcon_ros.prefix_path.ament:The path '/home/ubuntu/tfg_ws/install/abb_hardware_interface' in the environment variable AMENT_PREFIX_PATH doesn't exist
[0.262s] WARNING:colcon.colcon_ros.prefix_path.ament:The path '/home/ubuntu/tfg_ws/install/abb_irb140_moveit_config' in the environment variable AMENT_PREFIX_PATH doesn't exist
[0.263s] WARNING:colcon.colcon_ros.prefix_path.ament:The path '/home/ubuntu/tfg_ws/install/abb_irb140_support' in the environment variable AMENT_PREFIX_PATH doesn't exist
[0.263s] WARNING:colcon.colcon_ros.prefix_path.ament:The path '/home/ubuntu/tfg_ws/install/abb_bringup' in the environment variable AMENT_PREFIX_PATH doesn't exist
[0.263s] WARNING:colcon.colcon_ros.prefix_path.catkin:The path '/home/ubuntu/tfg_ws/install/tfg_abb_irb140' in the environment variable CMAKE_PREFIX_PATH doesn't exist
[0.263s] WARNING:colcon.colcon_ros.prefix_path.catkin:The path '/home/ubuntu/tfg_ws/install/abb_ros2' in the environment variable CMAKE_PREFIX_PATH doesn't exist
[0.263s] WARNING:colcon.colcon_ros.prefix_path.catkin:The path '/home/ubuntu/tfg_ws/install/abb_resources' in the environment variable CMAKE_PREFIX_PATH doesn't exist
[0.263s] WARNING:colcon.colcon_ros.prefix_path.catkin:The path '/home/ubuntu/tfg_ws/install/abb_hardware_interface' in the environment variable CMAKE_PREFIX_PATH doesn't exist
[0.263s] WARNING:colcon.colcon_ros.prefix_path.catkin:The path '/home/ubuntu/tfg_ws/install/abb_egm_rws_managers' in the environment variable CMAKE_PREFIX_PATH doesn't exist
[0.263s] WARNING:colcon.colcon_ros.prefix_path.catkin:The path '/home/ubuntu/tfg_ws/install/abb_librws' in the environment variable CMAKE_PREFIX_PATH doesn't exist
[0.263s] WARNING:colcon.colcon_ros.prefix_path.catkin:The path '/home/ubuntu/tfg_ws/install/abb_libegm' in the environment variable CMAKE_PREFIX_PATH doesn't exist
[0.263s] WARNING:colcon.colcon_ros.prefix_path.catkin:The path '/home/ubuntu/tfg_ws/install/abb_irb140_moveit_config' in the environment variable CMAKE_PREFIX_PATH doesn't exist
[0.263s] WARNING:colcon.colcon_ros.prefix_path.catkin:The path '/home/ubuntu/tfg_ws/install/abb_irb140_support' in the environment variable CMAKE_PREFIX_PATH doesn't exist
[0.263s] WARNING:colcon.colcon_ros.prefix_path.catkin:The path '/home/ubuntu/tfg_ws/install/abb_bringup' in the environment variable CMAKE_PREFIX_PATH doesn't exist
[0.264s] DEBUG:colcon.colcon_installed_package_information.package_discovery:Found 0 installed packages in /home/ubuntu/tfg_ws/install
[0.266s] DEBUG:colcon.colcon_installed_package_information.package_discovery:Found 403 installed packages in /opt/ros/jazzy
[0.269s] Level 1:colcon.colcon_core.package_discovery:discover_packages(prefix_path) using defaults
[0.346s] Level 5:colcon.colcon_core.verb:set package 'abb_irb140_support' build argument 'cmake_args' from command line to 'None'
[0.346s] Level 5:colcon.colcon_core.verb:set package 'abb_irb140_support' build argument 'cmake_target' from command line to 'None'
[0.346s] Level 5:colcon.colcon_core.verb:set package 'abb_irb140_support' build argument 'cmake_target_skip_unavailable' from command line to 'False'
[0.346s] Level 5:colcon.colcon_core.verb:set package 'abb_irb140_support' build argument 'cmake_clean_cache' from command line to 'False'
[0.346s] Level 5:colcon.colcon_core.verb:set package 'abb_irb140_support' build argument 'cmake_clean_first' from command line to 'False'
[0.346s] Level 5:colcon.colcon_core.verb:set package 'abb_irb140_support' build argument 'cmake_force_configure' from command line to 'False'
[0.346s] Level 5:colcon.colcon_core.verb:set package 'abb_irb140_support' build argument 'ament_cmake_args' from command line to 'None'
[0.346s] Level 5:colcon.colcon_core.verb:set package 'abb_irb140_support' build argument 'catkin_cmake_args' from command line to 'None'
[0.346s] Level 5:colcon.colcon_core.verb:set package 'abb_irb140_support' build argument 'catkin_skip_building_tests' from command line to 'False'
[0.346s] DEBUG:colcon.colcon_core.verb:Building package 'abb_irb140_support' with the following arguments: {'ament_cmake_args': None, 'build_base': '/home/ubuntu/tfg_ws/build/abb_irb140_support', 'catkin_cmake_args': None, 'catkin_skip_building_tests': False, 'cmake_args': None, 'cmake_clean_cache': False, 'cmake_clean_first': False, 'cmake_force_configure': False, 'cmake_target': None, 'cmake_target_skip_unavailable': False, 'install_base': '/home/ubuntu/tfg_ws/install/abb_irb140_support', 'merge_install': False, 'path': '/home/ubuntu/tfg_ws/src/abb_irb140_support', 'symlink_install': True, 'test_result_base': None}
[0.346s] INFO:colcon.colcon_core.executor:Executing jobs using 'parallel' executor
[0.348s] DEBUG:colcon.colcon_parallel_executor.executor.parallel:run_until_complete
[0.348s] INFO:colcon.colcon_ros.task.ament_cmake.build:Building ROS package in '/home/ubuntu/tfg_ws/src/abb_irb140_support' with build type 'ament_cmake'
[0.348s] INFO:colcon.colcon_cmake.task.cmake.build:Building CMake package in '/home/ubuntu/tfg_ws/src/abb_irb140_support'
[0.350s] INFO:colcon.colcon_core.plugin_system:Skipping extension 'colcon_core.shell.bat': Not used on non-Windows systems
[0.351s] INFO:colcon.colcon_core.shell:Skip shell extension 'powershell' for command environment: Not usable outside of PowerShell
[0.351s] DEBUG:colcon.colcon_core.shell:Skip shell extension 'dsv' for command environment
[0.362s] DEBUG:colcon.colcon_core.event_handler.log_command:Invoking command in '/home/ubuntu/tfg_ws/build/abb_irb140_support': CMAKE_PREFIX_PATH=${CMAKE_PREFIX_PATH}:/opt/ros/jazzy /usr/bin/cmake /home/ubuntu/tfg_ws/src/abb_irb140_support -DAMENT_CMAKE_SYMLINK_INSTALL=1 -DCMAKE_INSTALL_PREFIX=/home/ubuntu/tfg_ws/install/abb_irb140_support
[1.610s] DEBUG:colcon.colcon_core.event_handler.log_command:Invoked command in '/home/ubuntu/tfg_ws/build/abb_irb140_support' returned '0': CMAKE_PREFIX_PATH=${CMAKE_PREFIX_PATH}:/opt/ros/jazzy /usr/bin/cmake /home/ubuntu/tfg_ws/src/abb_irb140_support -DAMENT_CMAKE_SYMLINK_INSTALL=1 -DCMAKE_INSTALL_PREFIX=/home/ubuntu/tfg_ws/install/abb_irb140_support
[1.612s] DEBUG:colcon.colcon_core.event_handler.log_command:Invoking command in '/home/ubuntu/tfg_ws/build/abb_irb140_support': CMAKE_PREFIX_PATH=${CMAKE_PREFIX_PATH}:/opt/ros/jazzy /usr/bin/cmake --build /home/ubuntu/tfg_ws/build/abb_irb140_support -- -j4 -l4
[1.685s] DEBUG:colcon.colcon_core.event_handler.log_command:Invoked command in '/home/ubuntu/tfg_ws/build/abb_irb140_support' returned '0': CMAKE_PREFIX_PATH=${CMAKE_PREFIX_PATH}:/opt/ros/jazzy /usr/bin/cmake --build /home/ubuntu/tfg_ws/build/abb_irb140_support -- -j4 -l4
[1.703s] DEBUG:colcon.colcon_core.event_handler.log_command:Invoking command in '/home/ubuntu/tfg_ws/build/abb_irb140_support': CMAKE_PREFIX_PATH=${CMAKE_PREFIX_PATH}:/opt/ros/jazzy /usr/bin/cmake --install /home/ubuntu/tfg_ws/build/abb_irb140_support
[2.304s] Level 1:colcon.colcon_core.environment:create_environment_scripts_only(abb_irb140_support)
[2.305s] DEBUG:colcon.colcon_core.event_handler.log_command:Invoked command in '/home/ubuntu/tfg_ws/build/abb_irb140_support' returned '0': CMAKE_PREFIX_PATH=${CMAKE_PREFIX_PATH}:/opt/ros/jazzy /usr/bin/cmake --install /home/ubuntu/tfg_ws/build/abb_irb140_support
[2.307s] Level 1:colcon.colcon_core.environment:checking '/home/ubuntu/tfg_ws/install/abb_irb140_support' for CMake module files
[2.308s] Level 1:colcon.colcon_core.environment:checking '/home/ubuntu/tfg_ws/install/abb_irb140_support' for CMake config files
[2.308s] Level 1:colcon.colcon_core.shell:create_environment_hook('abb_irb140_support', 'cmake_prefix_path')
[2.308s] INFO:colcon.colcon_core.shell:Creating environment hook '/home/ubuntu/tfg_ws/install/abb_irb140_support/share/abb_irb140_support/hook/cmake_prefix_path.ps1'
[2.309s] INFO:colcon.colcon_core.shell:Creating environment descriptor '/home/ubuntu/tfg_ws/install/abb_irb140_support/share/abb_irb140_support/hook/cmake_prefix_path.dsv'
[2.309s] INFO:colcon.colcon_core.shell:Creating environment hook '/home/ubuntu/tfg_ws/install/abb_irb140_support/share/abb_irb140_support/hook/cmake_prefix_path.sh'
[2.310s] Level 1:colcon.colcon_core.environment:checking '/home/ubuntu/tfg_ws/install/abb_irb140_support/bin'
[2.310s] Level 1:colcon.colcon_core.environment:checking '/home/ubuntu/tfg_ws/install/abb_irb140_support/lib/pkgconfig/abb_irb140_support.pc'
[2.311s] Level 1:colcon.colcon_core.environment:checking '/home/ubuntu/tfg_ws/install/abb_irb140_support/lib/python3.12/site-packages'
[2.311s] Level 1:colcon.colcon_core.environment:checking '/home/ubuntu/tfg_ws/install/abb_irb140_support/bin'
[2.312s] INFO:colcon.colcon_core.shell:Creating package script '/home/ubuntu/tfg_ws/install/abb_irb140_support/share/abb_irb140_support/package.ps1'
[2.312s] INFO:colcon.colcon_core.shell:Creating package descriptor '/home/ubuntu/tfg_ws/install/abb_irb140_support/share/abb_irb140_support/package.dsv'
[2.313s] INFO:colcon.colcon_core.shell:Creating package script '/home/ubuntu/tfg_ws/install/abb_irb140_support/share/abb_irb140_support/package.sh'
[2.314s] INFO:colcon.colcon_core.shell:Creating package script '/home/ubuntu/tfg_ws/install/abb_irb140_support/share/abb_irb140_support/package.bash'
[2.314s] INFO:colcon.colcon_core.shell:Creating package script '/home/ubuntu/tfg_ws/install/abb_irb140_support/share/abb_irb140_support/package.zsh'
[2.315s] Level 1:colcon.colcon_core.environment:create_file_with_runtime_dependencies(/home/ubuntu/tfg_ws/install/abb_irb140_support/share/colcon-core/packages/abb_irb140_support)
[2.316s] Level 1:colcon.colcon_core.environment:create_environment_scripts_only(abb_irb140_support)
[2.316s] Level 1:colcon.colcon_core.environment:checking '/home/ubuntu/tfg_ws/install/abb_irb140_support' for CMake module files
[2.317s] Level 1:colcon.colcon_core.environment:checking '/home/ubuntu/tfg_ws/install/abb_irb140_support' for CMake config files
[2.317s] Level 1:colcon.colcon_core.shell:create_environment_hook('abb_irb140_support', 'cmake_prefix_path')
[2.317s] INFO:colcon.colcon_core.shell:Creating environment hook '/home/ubuntu/tfg_ws/install/abb_irb140_support/share/abb_irb140_support/hook/cmake_prefix_path.ps1'
[2.318s] INFO:colcon.colcon_core.shell:Creating environment descriptor '/home/ubuntu/tfg_ws/install/abb_irb140_support/share/abb_irb140_support/hook/cmake_prefix_path.dsv'
[2.319s] INFO:colcon.colcon_core.shell:Creating environment hook '/home/ubuntu/tfg_ws/install/abb_irb140_support/share/abb_irb140_support/hook/cmake_prefix_path.sh'
[2.319s] Level 1:colcon.colcon_core.environment:checking '/home/ubuntu/tfg_ws/install/abb_irb140_support/bin'
[2.319s] Level 1:colcon.colcon_core.environment:checking '/home/ubuntu/tfg_ws/install/abb_irb140_support/lib/pkgconfig/abb_irb140_support.pc'
[2.320s] Level 1:colcon.colcon_core.environment:checking '/home/ubuntu/tfg_ws/install/abb_irb140_support/lib/python3.12/site-packages'
[2.320s] Level 1:colcon.colcon_core.environment:checking '/home/ubuntu/tfg_ws/install/abb_irb140_support/bin'
[2.321s] INFO:colcon.colcon_core.shell:Creating package script '/home/ubuntu/tfg_ws/install/abb_irb140_support/share/abb_irb140_support/package.ps1'
[2.321s] INFO:colcon.colcon_core.shell:Creating package descriptor '/home/ubuntu/tfg_ws/install/abb_irb140_support/share/abb_irb140_support/package.dsv'
[2.322s] INFO:colcon.colcon_core.shell:Creating package script '/home/ubuntu/tfg_ws/install/abb_irb140_support/share/abb_irb140_support/package.sh'
[2.322s] INFO:colcon.colcon_core.shell:Creating package script '/home/ubuntu/tfg_ws/install/abb_irb140_support/share/abb_irb140_support/package.bash'
[2.323s] INFO:colcon.colcon_core.shell:Creating package script '/home/ubuntu/tfg_ws/install/abb_irb140_support/share/abb_irb140_support/package.zsh'
[2.323s] Level 1:colcon.colcon_core.environment:create_file_with_runtime_dependencies(/home/ubuntu/tfg_ws/install/abb_irb140_support/share/colcon-core/packages/abb_irb140_support)
[2.324s] DEBUG:colcon.colcon_parallel_executor.executor.parallel:closing loop
[2.324s] DEBUG:colcon.colcon_parallel_executor.executor.parallel:loop closed
[2.324s] DEBUG:colcon.colcon_parallel_executor.executor.parallel:run_until_complete finished with '0'
[2.324s] DEBUG:colcon.colcon_core.event_reactor:joining thread
[2.332s] INFO:colcon.colcon_core.plugin_system:Skipping extension 'colcon_notification.desktop_notification.terminal_notifier': Not used on non-Darwin systems
[2.332s] INFO:colcon.colcon_core.plugin_system:Skipping extension 'colcon_notification.desktop_notification.win32': Not used on non-Windows systems
[2.332s] INFO:colcon.colcon_notification.desktop_notification:Sending desktop notification using 'notify2'
[27.358s] DEBUG:colcon.colcon_notification.desktop_notification.notify2:Failed to initialize notify2: org.freedesktop.DBus.Error.NoReply: Did not receive a reply. Possible causes include: the remote application did not send a reply, the message bus security policy blocked the reply, the reply timeout expired, or the network connection was broken.
[27.358s] DEBUG:colcon.colcon_core.event_reactor:joined thread
[27.359s] INFO:colcon.colcon_core.shell:Creating prefix script '/home/ubuntu/tfg_ws/install/local_setup.ps1'
[27.360s] INFO:colcon.colcon_core.shell:Creating prefix util module '/home/ubuntu/tfg_ws/install/_local_setup_util_ps1.py'
[27.362s] INFO:colcon.colcon_core.shell:Creating prefix chain script '/home/ubuntu/tfg_ws/install/setup.ps1'
[27.364s] INFO:colcon.colcon_core.shell:Creating prefix script '/home/ubuntu/tfg_ws/install/local_setup.sh'
[27.365s] INFO:colcon.colcon_core.shell:Creating prefix util module '/home/ubuntu/tfg_ws/install/_local_setup_util_sh.py'
[27.365s] INFO:colcon.colcon_core.shell:Creating prefix chain script '/home/ubuntu/tfg_ws/install/setup.sh'
[27.367s] INFO:colcon.colcon_core.shell:Creating prefix script '/home/ubuntu/tfg_ws/install/local_setup.bash'
[27.368s] INFO:colcon.colcon_core.shell:Creating prefix chain script '/home/ubuntu/tfg_ws/install/setup.bash'
[27.369s] INFO:colcon.colcon_core.shell:Creating prefix script '/home/ubuntu/tfg_ws/install/local_setup.zsh'
[27.370s] INFO:colcon.colcon_core.shell:Creating prefix chain script '/home/ubuntu/tfg_ws/install/setup.zsh'
